// Vitest Snapshot v1, https://vitest.dev/guide/snapshot.html

exports[`<MethodologySection /> > should match snapshot 1`] = `
.c0 {
  position: relative;
  margin-top: 7.2rem;
  display: -webkit-box;
  display: -webkit-flex;
  display: -ms-flexbox;
  display: flex;
  -webkit-flex-direction: column;
  -ms-flex-direction: column;
  flex-direction: column;
  background: #1F1D2B;
  background-clip: padding-box;
  border: 3px solid transparent;
  border-radius: 20px;
}

.c0:before {
  content: '';
  position: absolute;
  top: 0;
  right: 0;
  bottom: 0;
  left: 0;
  z-index: -1;
  margin: -3px;
  border-radius: inherit;
  background: linear-gradient(-74deg,#0048FE 45%,#851D86 100%);
}

.c0:after {
  content: '';
  position: absolute;
  top: 0;
  right: 0;
  bottom: 0;
  left: 0;
  z-index: -1;
  border-radius: inherit;
  margin: -5px;
  background: linear-gradient( 360deg, #1F1D2B 95%, rgba(31,29,43,0) 100% );
}

.c1 {
  position: absolute;
  display: inline-block;
  background: #1F1D2B;
  margin: -18px 0 0 calc(100vw - 85%);
  padding: 0 15px 0 15px;
}

.c1 h2 {
  font-size: 2rem;
  font-weight: 600;
  background: linear-gradient(225deg,#0048FE -50%,#851D86 100%);
  -webkit-background-clip: text;
  -webkit-text-fill-color: transparent;
  text-align: center;
}

.c2 {
  padding: 2.4rem 1.6rem;
  margin: 0 auto;
}

.c2 p {
  color: #E2E2E2;
  text-align: center;
  line-height: 150%;
}

.c2 p:not(:last-child) {
  padding-bottom: 2.4rem;
}

.c3 {
  margin-top: 4rem;
}

@media (min-width:768px) {
  .c0 {
    margin-top: calc(3.2rem + 11rem);
  }

  .c0:before {
    background: linear-gradient(-74deg,#0048FE -10%,#851D86 100%);
  }

  .c0:after {
    background: linear-gradient( 360deg, #1F1D2B 75%, rgba(31,29,43,0) 100% );
  }
}

@media (min-width:320px) {
  .c1 {
    margin: -18px 0 0 calc(100vw - 91%);
  }
}

@media (min-width:365px) {
  .c1 {
    margin: -18px 0 0 calc(100vw - 85%);
  }
}

@media (min-width:428px) {
  .c1 {
    margin: -18px 0 0 calc(100vw - 82%);
  }
}

@media (min-width:768px) {
  .c1 {
    margin: -35px 0 0 30%;
  }

  .c1 h2 {
    font-size: 4rem;
  }
}

@media (min-width:1024px) {
  .c1 {
    margin: -35px 0 0 37%;
  }

  .c1 h2 {
    font-size: 4rem;
  }
}

@media (min-width:768px) {
  .c2 {
    padding: 5rem 8rem 5rem;
  }

  .c2 p {
    max-width: 102.7rem;
    font-size: 2.4rem;
  }
}

@media (min-width:768px) {
  .c3 {
    margin-top: 8rem;
  }
}

<div>
  <section
    class="c0"
    id="methodologys"
  >
    <header
      class="c1"
    >
      <h2>
        Metodologias
      </h2>
    </header>
    <div
      class="c2"
    >
      Na Union combinamos o uso de 3 metodologias para você conquistar experiência, saber se posicionar profissionalmente e acelerar sua evolução!
    </div>
    <div
      class="c3"
    >
      <div
        data-testid="mock-methodology-cards"
      />
    </div>
  </section>
</div>
`;
