// Vitest Snapshot v1, https://vitest.dev/guide/snapshot.html

exports[`<Logo /> > should match snapshot 1`] = `
@media (max-width:1100px) {
  .c0 img {
    width: 22rem;
  }
}

<div>
  <div
    class="c0"
  >
    <a
      href="#"
    >
      <img
        alt="Um octógono com três pontos, representando a união dos desenvolvedores"
        src="https://res.cloudinary.com/dbnq26wqe/image/upload/v1688490290/union/logo_desktop_uppabl.svg"
      />
    </a>
  </div>
</div>
`;
