// Vitest Snapshot v1, https://vitest.dev/guide/snapshot.html

exports[`<Logo /> > should match snapshot 1`] = `
<div>
  <div
    class=""
  >
    <a
      href="#"
    >
      <img
        alt="Um octógono com três pontos, representando a união dos desenvolvedores"
        src="https://res.cloudinary.com/dbnq26wqe/image/upload/v1688490290/union/logo_desktop_uppabl.svg"
      />
    </a>
  </div>
</div>
`;
